// Jest Snapshot v1, https://goo.gl/fbAQLP

exports[`<BlockQuote /> should render correctly. 1`] = `
<BlockQuote>
  <Styled(blockquote)
    styles={
      Array [
        Object {
          "fontStyle": "oblique",
        },
        Object {},
        Object {},
        undefined,
      ]
    }
  >
    <blockquote
      className="css-1220ekt eelg2810"
    >
      Some Quote
    </blockquote>
  </Styled(blockquote)>
</BlockQuote>
`;
