// Jest Snapshot v1, https://goo.gl/fbAQLP

exports[`<Cite /> should render correctly. 1`] = `
<Cite>
  <Styled(cite)
    styles={
      Array [
        Object {
          "color": "#ee0",
        },
        Object {},
        Object {},
        undefined,
      ]
    }
  >
    <cite
      className="css-dcubeo-StyledCite e19d4ue40"
    >
      - 
      Someone
    </cite>
  </StyledCite>
</Cite>
`;
