// Jest Snapshot v1, https://goo.gl/fbAQLP

exports[`<Fill /> should render with style \`flex: 1\` 1`] = `
<Fill>
  <div
    className="css-6x5hcd-Fill emb8utq0"
  >
    Spectacle
  </div>
</Fill>
`;
