// Jest Snapshot v1, https://goo.gl/fbAQLP

exports[`<Fit /> should render with style \`flex: 0\` 1`] = `
<Styled(div)>
  <div
    className="css-72fd9l eiribof0"
  >
    Hello
  </div>
</Styled(div)>
`;
