// Jest Snapshot v1, https://goo.gl/fbAQLP

exports[`<Layout /> should render correctly 1`] = `
<Layout>
  <Styled(div)>
    <div
      className="css-190y7nk-StyledLayout e1nmu5c30"
    >
      <div>
        Content
      </div>
    </div>
  </StyledLayout>
</Layout>
`;
