// Jest Snapshot v1, https://goo.gl/fbAQLP

exports[`<Quote /> should render correctly 1`] = `
<Quote>
  <Styled(span)
    styles={
      Array [
        Object {
          "color": "#ff0",
        },
        Object {},
        Object {},
        undefined,
      ]
    }
  >
    <span
      className="css-cj587x-StyledQuote e19tqqbp0"
    >
      Hello There!
    </span>
  </StyledQuote>
</Quote>
`;
