// Jest Snapshot v1, https://goo.gl/fbAQLP

exports[`<TableItem /> should render correctly 1`] = `
<TableItem>
  <Styled(td)
    styles={
      Array [
        Object {
          "color": "#444",
        },
        Object {},
        Object {},
        undefined,
      ]
    }
  >
    <td
      className="css-tvn2aj-StyledTableItem egqubym0"
    >
      Table Item Content
    </td>
  </StyledTableItem>
</TableItem>
`;
