// Jest Snapshot v1, https://goo.gl/fbAQLP

exports[`<Table /> should render correctly 1`] = `
<Table>
  <Styled(table)
    styles={
      Array [
        Object {},
        Object {},
        undefined,
      ]
    }
  >
    <table
      className="css-acfgbr-StyledTable ek2hskj0"
    >
      <tbody>
        <tr>
          <td>
            Table Content
          </td>
        </tr>
      </tbody>
    </table>
  </StyledTable>
</Table>
`;
