// Jest Snapshot v1, https://goo.gl/fbAQLP

exports[`<TableHeaderItem /> should render correctly 1`] = `
<TableHeaderItem>
  <Styled(td)
    styles={
      Array [
        Object {
          "color": "#e01",
        },
        Object {},
        Object {},
        undefined,
      ]
    }
  >
    <td
      className="css-4x5e e8tr7mb0"
    >
      Header Text
    </td>
  </Styled(td)>
</TableHeaderItem>
`;
